******************************************************************************
              TMS320C55x Linker PC v4.3.6                      
******************************************************************************
>> Linked Thu Jan 24 13:37:39 2019

OUTPUT FILE NAME:   <lab2-3.out>
ENTRY POINT SYMBOL: "_c_int00"  address: 00020647


MEMORY CONFIGURATION

         name            origin    length      used     unused   attr    fill
                        (bytes)   (bytes)    (bytes)   (bytes)
----------------------  --------  ---------  --------  --------  ----  --------
PAGE 0:
  MMR                   00000000   000000c0  00000000  000000c0  RWIX
  DARAM0                000000c0   0000ff40  00003012  0000cf2e  RWIX
  SARAM0                00010000   00010000  00000000  00010000  RWIX
  SARAM1                00020000   00020000  00000697  0001f969  RWIX
  SARAM2                00040000   00010000  00000032  0000ffce  RWIX
  PDROM                 00ff8000   00008000  00000100  00007f00  R IX

PAGE 2:
  IOPORT                00000000   00020000  00000000  00020000  RWI 


SECTION ALLOCATION MAP
(Addresses surrounded by []'s are displayed for convenience only!)

output                                                          attributes/
section   page  orgn(bytes) orgn(words) len(bytes) len(words)   input sections
--------  ----  ----------- ----------- ---------- ----------   --------------
.pinit       0   [ 00040000 ]  00020000          *   00000000   UNINITIALIZED

.stack       0   [ 000000c0 ]  00000060          *   00001000   UNINITIALIZED
                 [ 000000c0 ]  00000060          *   00001000   --HOLE--

.data        0   [ 000000c0 ]  00000060          *   00000000   UNINITIALIZED

.sysstack 
*            0   [ 000020c0 ]  00001060          *   00000800   UNINITIALIZED
                 [ 000020c0 ]  00001060          *   00000800   --HOLE--

.bss         0   [ 000030c0 ]  00001860          *   00000009   UNINITIALIZED
                 [ 000030c0 ]  00001860          *   00000004   rts55x.lib : _lock.obj (.bss)
                 [ 000030c8 ]  00001864          *   00000004              : exit.obj (.bss)
                 [ 000030d0 ]  00001868          *   00000001   usbstk5515bsl.lib : usbstk5515_i2c.obj (.bss)

.text        0     00020000  [ 00010000 ] 00000697          *   
                   00020000  [ 00010000 ] 00000289          *   main_2.obj (.text)
                   00020289  [ 00010144+] 00000156          *   usbstk5515bsl.lib : usbstk5515_gpio.obj (.text)
                   000203df  [ 000101ef+] 0000013e          *                     : usbstk5515_i2c.obj (.text)
                   0002051d  [ 0001028e+] 00000054          *                     : usbstk5515.obj (.text)
                   00020571  [ 000102b8+] 0000004d          *   rts55x.lib : autoinit.obj (.text)
                   000205be  [ 000102df ] 0000004b          *              : args_main.obj (.text)
                   00020609  [ 00010304+] 0000003e          *              : exit.obj (.text)
                   00020647  [ 00010323+] 00000034          *              : boot.obj (.text)
                   0002067b  [ 0001033d+] 00000012          *              : _lock.obj (.text)
                   0002068d  [ 00010346+] 00000007          *              : exit.obj (.text:CIO_breakpoint)
                   00020694  [ 0001034a ] 00000002          *              : vectors.obj (.text)
                   00020696  [ 0001034b ] 00000001          *   --HOLE-- [fill = 20]

.cinit       0   [ 00040000 ]  00020000          *   00000019   
                 [ 00040000 ]  00020000          *   0000000a   rts55x.lib : _lock.obj (.cinit)
                 [ 00040014 ]  0002000a          *   0000000a              : exit.obj (.cinit)
                 [ 00040028 ]  00020014          *   00000004   usbstk5515bsl.lib : usbstk5515_i2c.obj (.cinit)
                 [ 00040030 ]  00020018          *   00000001   --HOLE-- [fill = 0]

vectors      0     00ffff00  [ 007fff80 ] 00000100          *   
                   00ffff00  [ 007fff80 ] 00000100          *   rts55x.lib : vectors.obj (vectors)


GLOBAL SYMBOLS: SORTED ALPHABETICALLY BY Name 

abs. value/
byte addr   word addr   name
---------   ---------   ----
00000002                $TI_capability$C5500$CallingConvention
00000002                $TI_capability$C5500$MemoryModel
00000001                $TI_capability_requires_rev3
ffffffff                .bss
ffffffff                .data
ffffffff                .text
0002068e                C$$EXIT
0002006d                _AIC3204_config
00020000                _AIC3204_rget
0002004b                _AIC3204_rset
00ffff00                _Reset
00020387                _USBSTK5515_GPIO_getInput
00020289                _USBSTK5515_GPIO_init
0002028d                _USBSTK5515_GPIO_setDirection
0002030a                _USBSTK5515_GPIO_setOutput
000203fe                _USBSTK5515_I2C_close
000203df                _USBSTK5515_I2C_init
000204a4                _USBSTK5515_I2C_read
00020407                _USBSTK5515_I2C_reset
00020415                _USBSTK5515_I2C_write
00020563                _USBSTK5515_init
0002051d                _USBSTK5515_wait
00020551                _USBSTK5515_waitusec
            00001060    __STACK_END
00002000                __STACK_SIZE
00001000                __SYSSTACK_SIZE
ffffffff                ___binit__
ffffffff                ___bss__
ffffffff                ___c_args__
            00020000    ___cinit__
ffffffff                ___data__
ffffffff                ___edata__
ffffffff                ___end__
ffffffff                ___etext__
ffffffff                ___pinit__
ffffffff                ___text__
000205be                __args_main
            00001864    __cleanup_ptr
            00001866    __dtors_ptr
            00001860    __lock
0002068b                __nop
00020683                __register_lock
0002067b                __register_unlock
            00000060    __stack
            00001060    __sysstack
            00001862    __unlock
0002068d                _abort
00020571                _auto_init
00020647                _c_int00
00020609                _exit
            00001868    _i2c_timeout
0002020b                _main
ffffffff                binit
            00020000    cinit
ffffffff                edata
ffffffff                end
ffffffff                etext
ffffffff                pinit


GLOBAL SYMBOLS: SORTED BY Symbol Address 

abs. value/
byte addr   word addr   name
---------   ---------   ----
00000001                $TI_capability_requires_rev3
00000002                $TI_capability$C5500$CallingConvention
00000002                $TI_capability$C5500$MemoryModel
            00000060    __stack
00001000                __SYSSTACK_SIZE
00002000                __STACK_SIZE
            00001060    __STACK_END
            00001060    __sysstack
            00001860    __lock
            00001862    __unlock
            00001864    __cleanup_ptr
            00001866    __dtors_ptr
            00001868    _i2c_timeout
00020000                _AIC3204_rget
0002004b                _AIC3204_rset
0002006d                _AIC3204_config
0002020b                _main
00020289                _USBSTK5515_GPIO_init
0002028d                _USBSTK5515_GPIO_setDirection
0002030a                _USBSTK5515_GPIO_setOutput
00020387                _USBSTK5515_GPIO_getInput
000203df                _USBSTK5515_I2C_init
000203fe                _USBSTK5515_I2C_close
00020407                _USBSTK5515_I2C_reset
00020415                _USBSTK5515_I2C_write
000204a4                _USBSTK5515_I2C_read
0002051d                _USBSTK5515_wait
00020551                _USBSTK5515_waitusec
00020563                _USBSTK5515_init
00020571                _auto_init
000205be                __args_main
00020609                _exit
00020647                _c_int00
0002067b                __register_unlock
00020683                __register_lock
0002068b                __nop
0002068d                _abort
0002068e                C$$EXIT
            00020000    ___cinit__
            00020000    cinit
00ffff00                _Reset
ffffffff                .bss
ffffffff                .data
ffffffff                .text
ffffffff                ___binit__
ffffffff                ___bss__
ffffffff                ___c_args__
ffffffff                ___data__
ffffffff                ___edata__
ffffffff                ___end__
ffffffff                ___etext__
ffffffff                ___pinit__
ffffffff                ___text__
ffffffff                binit
ffffffff                edata
ffffffff                end
ffffffff                etext
ffffffff                pinit

[58 symbols]
