******************************************************************************
              TMS320C55x Linker PC v4.3.6                      
******************************************************************************
>> Linked Thu Jan 24 16:37:00 2019

OUTPUT FILE NAME:   <lab3.out>
ENTRY POINT SYMBOL: "_c_int00"  address: 0002075f


MEMORY CONFIGURATION

         name            origin    length      used     unused   attr    fill
                        (bytes)   (bytes)    (bytes)   (bytes)
----------------------  --------  ---------  --------  --------  ----  --------
PAGE 0:
  MMR                   00000000   000000c0  00000000  000000c0  RWIX
  DARAM0                000000c0   0000ff40  0000312e  0000ce12  RWIX
  SARAM0                00010000   00010000  00000000  00010000  RWIX
  SARAM1                00020000   00020000  000007af  0001f851  RWIX
  SARAM2                00040000   00010000  0000008e  0000ff72  RWIX
  PDROM                 00ff8000   00008000  00000100  00007f00  R IX

PAGE 2:
  IOPORT                00000000   00020000  00000000  00020000  RWI 


SECTION ALLOCATION MAP
(Addresses surrounded by []'s are displayed for convenience only!)

output                                                          attributes/
section   page  orgn(bytes) orgn(words) len(bytes) len(words)   input sections
--------  ----  ----------- ----------- ---------- ----------   --------------
.pinit       0   [ 00040000 ]  00020000          *   00000000   UNINITIALIZED

.stack       0   [ 000000c0 ]  00000060          *   00001000   UNINITIALIZED
                 [ 000000c0 ]  00000060          *   00001000   --HOLE--

.data        0   [ 000000c0 ]  00000060          *   00000000   UNINITIALIZED

.sysstack 
*            0   [ 000020c0 ]  00001060          *   00000800   UNINITIALIZED
                 [ 000020c0 ]  00001060          *   00000800   --HOLE--

.bss         0   [ 000030c0 ]  00001860          *   00000097   UNINITIALIZED
                 [ 000030c0 ]  00001860          *   0000008e   main_lincbuff.obj (.bss)
                 [ 000031dc ]  000018ee          *   00000004   rts55x.lib : _lock.obj (.bss)
                 [ 000031e4 ]  000018f2          *   00000004              : exit.obj (.bss)
                 [ 000031ec ]  000018f6          *   00000001   usbstk5515bsl.lib : usbstk5515_i2c.obj (.bss)

.text        0     00020000  [ 00010000 ] 000007af          *   
                   00020000  [ 00010000 ] 00000365          *   main_lincbuff.obj (.text)
                   00020365  [ 000101b2+] 00000156          *   usbstk5515bsl.lib : usbstk5515_gpio.obj (.text)
                   000204bb  [ 0001025d+] 0000013e          *                     : usbstk5515_i2c.obj (.text)
                   000205f9  [ 000102fc+] 00000054          *                     : usbstk5515.obj (.text)
                   0002064d  [ 00010326+] 0000004d          *   rts55x.lib : autoinit.obj (.text)
                   0002069a  [ 0001034d ] 0000004b          *              : args_main.obj (.text)
                   000206e5  [ 00010372+] 0000003e          *              : exit.obj (.text)
                   00020723  [ 00010391+] 0000003c          *              : idiv.obj (.text)
                   0002075f  [ 000103af+] 00000034          *              : boot.obj (.text)
                   00020793  [ 000103c9+] 00000012          *              : _lock.obj (.text)
                   000207a5  [ 000103d2+] 00000007          *              : exit.obj (.text:CIO_breakpoint)
                   000207ac  [ 000103d6 ] 00000002          *              : vectors.obj (.text)
                   000207ae  [ 000103d7 ] 00000001          *   --HOLE-- [fill = 20]

.cinit       0   [ 00040000 ]  00020000          *   00000047   
                 [ 00040000 ]  00020000          *   0000002e   main_lincbuff.obj (.cinit)
                 [ 0004005c ]  0002002e          *   0000000a   rts55x.lib : _lock.obj (.cinit)
                 [ 00040070 ]  00020038          *   0000000a              : exit.obj (.cinit)
                 [ 00040084 ]  00020042          *   00000004   usbstk5515bsl.lib : usbstk5515_i2c.obj (.cinit)
                 [ 0004008c ]  00020046          *   00000001   --HOLE-- [fill = 0]

vectors      0     00ffff00  [ 007fff80 ] 00000100          *   
                   00ffff00  [ 007fff80 ] 00000100          *   rts55x.lib : vectors.obj (vectors)


GLOBAL SYMBOLS: SORTED ALPHABETICALLY BY Name 

abs. value/
byte addr   word addr   name
---------   ---------   ----
00000002                $TI_capability$C5500$CallingConvention
00000002                $TI_capability$C5500$MemoryModel
00000001                $TI_capability_requires_rev3
ffffffff                .bss
ffffffff                .data
ffffffff                .text
000207a6                C$$EXIT
00020723                I$$DIV
00020742                I$$MOD
0002006d                _AIC3204_config
00020000                _AIC3204_rget
0002004b                _AIC3204_rset
0002020b                _HI
00020220                _LOW
00ffff00                _Reset
00020463                _USBSTK5515_GPIO_getInput
00020365                _USBSTK5515_GPIO_init
00020369                _USBSTK5515_GPIO_setDirection
000203e6                _USBSTK5515_GPIO_setOutput
000204da                _USBSTK5515_I2C_close
000204bb                _USBSTK5515_I2C_init
00020580                _USBSTK5515_I2C_read
000204e3                _USBSTK5515_I2C_reset
000204f1                _USBSTK5515_I2C_write
0002063f                _USBSTK5515_init
000205f9                _USBSTK5515_wait
0002062d                _USBSTK5515_waitusec
            00001060    __STACK_END
00002000                __STACK_SIZE
00001000                __SYSSTACK_SIZE
ffffffff                ___binit__
ffffffff                ___bss__
ffffffff                ___c_args__
            00020000    ___cinit__
ffffffff                ___data__
ffffffff                ___edata__
ffffffff                ___end__
ffffffff                ___etext__
ffffffff                ___pinit__
ffffffff                ___text__
0002069a                __args_main
            000018f2    __cleanup_ptr
00020723                __divi
            000018f4    __dtors_ptr
            000018ee    __lock
000207a3                __nop
0002079b                __register_lock
00020793                __register_unlock
00020742                __remi
            00000060    __stack
            00001060    __sysstack
            000018f0    __unlock
            00001887    _a
000207a5                _abort
0002064d                _auto_init
            0000187b    _buffer
            00001889    _c
0002075f                _c_int00
            00001864    _coeff
            00001866    _coefs
000206e5                _exit
            00001888    _i
            000018f6    _i2c_timeout
            00001860    _inPtr
            00001874    _input
            00001872    _leftsample
0002022e                _linearbuff
000202c9                _main
            00001862    _outPtr
            0000187a    _output
            0000188a    _recent_output
            00001873    _rightsample
            00001875    _temp
ffffffff                binit
            00020000    cinit
ffffffff                edata
ffffffff                end
ffffffff                etext
ffffffff                pinit


GLOBAL SYMBOLS: SORTED BY Symbol Address 

abs. value/
byte addr   word addr   name
---------   ---------   ----
00000001                $TI_capability_requires_rev3
00000002                $TI_capability$C5500$CallingConvention
00000002                $TI_capability$C5500$MemoryModel
            00000060    __stack
00001000                __SYSSTACK_SIZE
00002000                __STACK_SIZE
            00001060    __STACK_END
            00001060    __sysstack
            00001860    _inPtr
            00001862    _outPtr
            00001864    _coeff
            00001866    _coefs
            00001872    _leftsample
            00001873    _rightsample
            00001874    _input
            00001875    _temp
            0000187a    _output
            0000187b    _buffer
            00001887    _a
            00001888    _i
            00001889    _c
            0000188a    _recent_output
            000018ee    __lock
            000018f0    __unlock
            000018f2    __cleanup_ptr
            000018f4    __dtors_ptr
            000018f6    _i2c_timeout
00020000                _AIC3204_rget
0002004b                _AIC3204_rset
0002006d                _AIC3204_config
0002020b                _HI
00020220                _LOW
0002022e                _linearbuff
000202c9                _main
00020365                _USBSTK5515_GPIO_init
00020369                _USBSTK5515_GPIO_setDirection
000203e6                _USBSTK5515_GPIO_setOutput
00020463                _USBSTK5515_GPIO_getInput
000204bb                _USBSTK5515_I2C_init
000204da                _USBSTK5515_I2C_close
000204e3                _USBSTK5515_I2C_reset
000204f1                _USBSTK5515_I2C_write
00020580                _USBSTK5515_I2C_read
000205f9                _USBSTK5515_wait
0002062d                _USBSTK5515_waitusec
0002063f                _USBSTK5515_init
0002064d                _auto_init
0002069a                __args_main
000206e5                _exit
00020723                I$$DIV
00020723                __divi
00020742                I$$MOD
00020742                __remi
0002075f                _c_int00
00020793                __register_unlock
0002079b                __register_lock
000207a3                __nop
000207a5                _abort
000207a6                C$$EXIT
            00020000    ___cinit__
            00020000    cinit
00ffff00                _Reset
ffffffff                .bss
ffffffff                .data
ffffffff                .text
ffffffff                ___binit__
ffffffff                ___bss__
ffffffff                ___c_args__
ffffffff                ___data__
ffffffff                ___edata__
ffffffff                ___end__
ffffffff                ___etext__
ffffffff                ___pinit__
ffffffff                ___text__
ffffffff                binit
ffffffff                edata
ffffffff                end
ffffffff                etext
ffffffff                pinit

[79 symbols]
