******************************************************************************
              TMS320C55x Linker PC v4.3.6                      
******************************************************************************
>> Linked Thu Feb 21 13:23:13 2019

OUTPUT FILE NAME:   <lab4.out>
ENTRY POINT SYMBOL: "_c_int00"  address: 000206c3


MEMORY CONFIGURATION

         name            origin    length      used     unused   attr    fill
                        (bytes)   (bytes)    (bytes)   (bytes)
----------------------  --------  ---------  --------  --------  ----  --------
PAGE 0:
  MMR                   00000000   000000c0  00000000  000000c0  RWIX
  DARAM0                000000c0   0000ff40  000031d4  0000cd6c  RWIX
  SARAM0                00010000   00010000  00000000  00010000  RWIX
  SARAM1                00020000   00020000  00000713  0001f8ed  RWIX
  SARAM2                00040000   00010000  00000054  0000ffac  RWIX
  PDROM                 00ff8000   00008000  00000100  00007f00  R IX

PAGE 2:
  IOPORT                00000000   00020000  00000000  00020000  RWI 


SECTION ALLOCATION MAP
(Addresses surrounded by []'s are displayed for convenience only!)

output                                                          attributes/
section   page  orgn(bytes) orgn(words) len(bytes) len(words)   input sections
--------  ----  ----------- ----------- ---------- ----------   --------------
.pinit       0   [ 00040000 ]  00020000          *   00000000   UNINITIALIZED

.stack       0   [ 000000c0 ]  00000060          *   00001000   UNINITIALIZED
                 [ 000000c0 ]  00000060          *   00001000   --HOLE--

.sysstack 
*            0   [ 000020c0 ]  00001060          *   00000800   UNINITIALIZED
                 [ 000020c0 ]  00001060          *   00000800   --HOLE--

.bss         0   [ 000030c0 ]  00001860          *   000000e6   UNINITIALIZED
                 [ 000030c0 ]  00001860          *   000000dd   main_circbuff.obj (.bss)
                 [ 0000327a ]  0000193d          *   00000001   usbstk5515bsl.lib : usbstk5515_i2c.obj (.bss)
                 [ 0000327c ]  0000193e          *   00000004   rts55x.lib : _lock.obj (.bss)
                 [ 00003284 ]  00001942          *   00000004              : exit.obj (.bss)

.data        0   [ 000032a0 ]  00001950          *   00000004   
                 [ 000032a0 ]  00001950          *   00000004   asmcircbuff.obj (.data)

.text        0     00020000  [ 00010000 ] 00000713          *   
                   00020000  [ 00010000 ] 0000027b          *   main_circbuff.obj (.text)
                   0002027b  [ 0001013d+] 00000156          *   usbstk5515bsl.lib : usbstk5515_gpio.obj (.text)
                   000203d1  [ 000101e8+] 0000013e          *                     : usbstk5515_i2c.obj (.text)
                   0002050f  [ 00010287+] 00000054          *                     : usbstk5515.obj (.text)
                   00020563  [ 000102b1+] 0000004e          *   asmcircbuff.obj (.text)
                   000205b1  [ 000102d8+] 0000004d          *   rts55x.lib : autoinit.obj (.text)
                   000205fe  [ 000102ff ] 0000004b          *              : args_main.obj (.text)
                   00020649  [ 00010324+] 0000003e          *              : exit.obj (.text)
                   00020687  [ 00010343+] 0000003c          *              : idiv.obj (.text)
                   000206c3  [ 00010361+] 00000034          *              : boot.obj (.text)
                   000206f7  [ 0001037b+] 00000012          *              : _lock.obj (.text)
                   00020709  [ 00010384+] 00000007          *              : exit.obj (.text:CIO_breakpoint)
                   00020710  [ 00010388 ] 00000002          *              : vectors.obj (.text)
                   00020712  [ 00010389 ] 00000001          *   --HOLE-- [fill = 20]

.cinit       0   [ 00040000 ]  00020000          *   0000002a   
                 [ 00040000 ]  00020000          *   00000011   main_circbuff.obj (.cinit)
                 [ 00040022 ]  00020011          *   0000000a   rts55x.lib : _lock.obj (.cinit)
                 [ 00040036 ]  0002001b          *   0000000a              : exit.obj (.cinit)
                 [ 0004004a ]  00020025          *   00000004   usbstk5515bsl.lib : usbstk5515_i2c.obj (.cinit)
                 [ 00040052 ]  00020029          *   00000001   --HOLE-- [fill = 0]

vectors      0     00ffff00  [ 007fff80 ] 00000100          *   
                   00ffff00  [ 007fff80 ] 00000100          *   rts55x.lib : vectors.obj (vectors)


GLOBAL SYMBOLS: SORTED ALPHABETICALLY BY Name 

abs. value/
byte addr   word addr   name
---------   ---------   ----
00000002                $TI_capability$C5500$CallingConvention
00000002                $TI_capability$C5500$MemoryModel
00000001                $TI_capability_requires_rev3
ffffffff                .bss
ffffffff                .data
ffffffff                .text
0002070a                C$$EXIT
00020687                I$$DIV
000206a6                I$$MOD
0002006d                _AIC3204_config
00020000                _AIC3204_rget
0002004b                _AIC3204_rset
00ffff00                _Reset
00020379                _USBSTK5515_GPIO_getInput
0002027b                _USBSTK5515_GPIO_init
0002027f                _USBSTK5515_GPIO_setDirection
000202fc                _USBSTK5515_GPIO_setOutput
000203f0                _USBSTK5515_I2C_close
000203d1                _USBSTK5515_I2C_init
00020496                _USBSTK5515_I2C_read
000203f9                _USBSTK5515_I2C_reset
00020407                _USBSTK5515_I2C_write
00020555                _USBSTK5515_init
0002050f                _USBSTK5515_wait
00020543                _USBSTK5515_waitusec
            00001060    __STACK_END
00002000                __STACK_SIZE
00001000                __SYSSTACK_SIZE
ffffffff                ___binit__
ffffffff                ___bss__
ffffffff                ___c_args__
            00020000    ___cinit__
ffffffff                ___data__
ffffffff                ___edata__
ffffffff                ___end__
ffffffff                ___etext__
ffffffff                ___pinit__
ffffffff                ___text__
000205fe                __args_main
            00001942    __cleanup_ptr
00020687                __divi
            00001944    __dtors_ptr
            0000193e    __lock
00020707                __nop
000206ff                __register_lock
000206f7                __register_unlock
000206a6                __remi
            00000060    __stack
            00001060    __sysstack
            00001940    __unlock
00020709                _abort
000205b1                _auto_init
000206c3                _c_int00
00020563                _circbuff
            00001864    _coeff
            00001866    _coefs
            00001874    _count
00020649                _exit
            0000193d    _i2c_timeout
            00001860    _inPtr
            00001872    _input
            00001870    _leftsample
0002020b                _main
            00001862    _outPtr
            00001873    _output
            000018d9    _recent_input
            00001875    _recent_output
            00001871    _rightsample
ffffffff                binit
            00020000    cinit
ffffffff                edata
ffffffff                end
ffffffff                etext
ffffffff                pinit


GLOBAL SYMBOLS: SORTED BY Symbol Address 

abs. value/
byte addr   word addr   name
---------   ---------   ----
00000001                $TI_capability_requires_rev3
00000002                $TI_capability$C5500$CallingConvention
00000002                $TI_capability$C5500$MemoryModel
            00000060    __stack
00001000                __SYSSTACK_SIZE
00002000                __STACK_SIZE
            00001060    __STACK_END
            00001060    __sysstack
            00001860    _inPtr
            00001862    _outPtr
            00001864    _coeff
            00001866    _coefs
            00001870    _leftsample
            00001871    _rightsample
            00001872    _input
            00001873    _output
            00001874    _count
            00001875    _recent_output
            000018d9    _recent_input
            0000193d    _i2c_timeout
            0000193e    __lock
            00001940    __unlock
            00001942    __cleanup_ptr
            00001944    __dtors_ptr
00020000                _AIC3204_rget
0002004b                _AIC3204_rset
0002006d                _AIC3204_config
0002020b                _main
0002027b                _USBSTK5515_GPIO_init
0002027f                _USBSTK5515_GPIO_setDirection
000202fc                _USBSTK5515_GPIO_setOutput
00020379                _USBSTK5515_GPIO_getInput
000203d1                _USBSTK5515_I2C_init
000203f0                _USBSTK5515_I2C_close
000203f9                _USBSTK5515_I2C_reset
00020407                _USBSTK5515_I2C_write
00020496                _USBSTK5515_I2C_read
0002050f                _USBSTK5515_wait
00020543                _USBSTK5515_waitusec
00020555                _USBSTK5515_init
00020563                _circbuff
000205b1                _auto_init
000205fe                __args_main
00020649                _exit
00020687                I$$DIV
00020687                __divi
000206a6                I$$MOD
000206a6                __remi
000206c3                _c_int00
000206f7                __register_unlock
000206ff                __register_lock
00020707                __nop
00020709                _abort
0002070a                C$$EXIT
            00020000    ___cinit__
            00020000    cinit
00ffff00                _Reset
ffffffff                .bss
ffffffff                .data
ffffffff                .text
ffffffff                ___binit__
ffffffff                ___bss__
ffffffff                ___c_args__
ffffffff                ___data__
ffffffff                ___edata__
ffffffff                ___end__
ffffffff                ___etext__
ffffffff                ___pinit__
ffffffff                ___text__
ffffffff                binit
ffffffff                edata
ffffffff                end
ffffffff                etext
ffffffff                pinit

[74 symbols]
